// Jest Snapshot v1, https://goo.gl/fbAQLP

exports[`Pruebas en GifItem Debe hacer match con el snapshot 1`] = `
<DocumentFragment>
  <div
    class="card"
  >
    <img
      alt="Chau"
      src="http://localhost/Hola"
    />
    <p>
      Chau
    </p>
  </div>
</DocumentFragment>
`;
